2025-07-18 18:02:47.170 - DBeaver 25.1.2.202507061449 is starting
2025-07-18 18:02:47.171 - OS: Windows 10 10.0 (amd64)
2025-07-18 18:02:47.172 - Java version: 21.0.5 by Eclipse Adoptium (64bit)
2025-07-18 18:02:47.172 - Install path: 'D:\web_0900_ksh\dbms\resource\dbeaver-ce-25.1.2-win32.win32.x86_64\dbeaver'
2025-07-18 18:02:47.172 - Instance path: 'file:/D:/web_0900_ksh/dbms/workspace/'
2025-07-18 18:02:47.173 - Memory available 64Mb/1024Mb
2025-07-18 18:02:47.179 - Create display
2025-07-18 18:02:47.235 - Initialize desktop platform...
2025-07-18 18:02:47.324 - BounceCastle bundle found. Use JCE provider BC
> Start Core File Systems [org.eclipse.core.filesystem 1.11.200.v20250513-1234]
> Start Core Resource Management [org.eclipse.core.resources 3.22.200.v20250513-1234]
> Start Team Support Core [org.eclipse.team.core 3.10.700.v20250313-0656]
> Start DBeaver UI Navigator [org.jkiss.dbeaver.ui.navigator 1.0.158.202507061449]
2025-07-18 18:02:47.446 - Initialize base platform...
2025-07-18 18:02:47.461 - send collected statistics
2025-07-18 18:02:47.466 - Platform initialized (231ms)
2025-07-18 18:02:47.482 - Starting instance server at http://localhost:51146
2025-07-18 18:02:47.498 - Run workbench
> Start Eclipse e4 Workbench SWT [org.eclipse.e4.ui.workbench.swt 0.17.800.v20250422-1254]
> Start Eclipse Application Services [org.eclipse.e4.core.services 2.5.200.v20250326-1945]
> Start Eclipse UI Application Services [org.eclipse.e4.ui.services 1.6.500.v20250123-0754]
> Start Eclipse e4 Progress View [org.eclipse.e4.ui.progress 0.4.800.v20250422-1254]
> Start Eclipse Bindings Support [org.eclipse.e4.ui.bindings 0.14.600.v20250331-1050]
> Start Eclipse e4 core commands [org.eclipse.e4.core.commands 1.1.600.v20250307-1331]
> Start EMF XML/XMI Persistence [org.eclipse.emf.ecore.xmi 2.39.0.v20250414-1351]
> Start Eclipse CSS SWT Theme Support [org.eclipse.e4.ui.css.swt.theme 0.14.500.v20250213-1508]
> Start Eclipse e4 Workbench Add-ons [org.eclipse.e4.ui.workbench.addons.swt 1.5.700.v20250422-1254]
> Start Eclipse e4 Workbench SWT Renderer [org.eclipse.e4.ui.workbench.renderers.swt 0.16.800.v20250519-1609]
> Start Eclipse Dependency Injection Extensions [org.eclipse.e4.core.di.extensions 0.18.300.v20240413-1529]
> Start Eclipse CSS SWT Support [org.eclipse.e4.ui.css.swt 0.15.600.v20250409-1135]
> Start Default Text Editor [org.eclipse.ui.editors 3.20.0.v20250514-1719]
> Start Text Editor Framework [org.eclipse.ui.workbench.texteditor 3.19.200.v20250514-1719]
2025-07-18 18:02:48.533 - Configure workbench window
> Start DBeaver SQL Model [org.jkiss.dbeaver.model.sql 1.0.148.202507061449]
2025-07-18 18:02:48.629 - Total database drivers: 124 (124)
> Start Help System Core [org.eclipse.help 3.10.500.v20250423-1201]
2025-07-18 18:02:48.697 - Create actions
2025-07-18 18:02:48.697 - Disable Eclipse action set 'org.eclipse.ui.edit.text.actionSet.annotationNavigation'
2025-07-18 18:02:48.697 - Disable Eclipse action set 'org.eclipse.ui.WorkingSetActionSet'
2025-07-18 18:02:48.697 - Disable Eclipse action set 'org.eclipse.ui.actionSet.openFiles'
2025-07-18 18:02:48.697 - Create workbench actions
2025-07-18 18:02:49.064 - Initialize workbench window
2025-07-18 18:02:49.069 - Finish initialization
> Start DBeaver UI Editors - Data [org.jkiss.dbeaver.ui.editors.data 1.0.158.202507061449]
> Start DBeaver UI Editors - SQL [org.jkiss.dbeaver.ui.editors.sql 1.0.158.202507061449]
> Start DBeaver SQL Terminal [org.jkiss.dbeaver.ui.editors.sql.terminal 1.0.134.202507061449]
> Start Core Compare Support [org.eclipse.compare.core 3.8.700.v20250120-0641]
> Start Equinox Java Authentication and Authorization Service (JAAS) [org.eclipse.equinox.security 1.4.600.v20250521-0413]
> Start Internet Connection Management UI [org.eclipse.ui.net 1.5.400.v20240413-1529]
> Start Internet Connection Management [org.eclipse.core.net 1.5.700.v20250313-0656]
> Start DBeaver Sample Database [org.jkiss.dbeaver.ui.config.sample 1.0.195.202507061449]
> Start GEF Classic Draw2d [org.eclipse.draw2d 3.20.0.202505280821]
> Start GEF Classic GEF (MVC) [org.eclipse.gef 3.22.0.202505280821]
> Start DBeaver ERD UI [org.jkiss.dbeaver.erd.ui 3.0.118.202507061449]
> Start DBeaver ERD Model [org.jkiss.dbeaver.erd.model 1.0.118.202507061449]
> Start DBeaver Dashboard UI [org.jkiss.dbeaver.ui.dashboard 1.0.155.202507061449]
> Start DBeaver JDBC Model [org.jkiss.dbeaver.model.jdbc 1.0.51.202507061449]
> Start DBeaver Oracle Model [org.jkiss.dbeaver.ext.oracle 2.1.243.202507061449]
> Start Console [org.eclipse.ui.console 3.14.300.v20250509-1251]
> Start Debug Core [org.eclipse.debug.core 3.23.0.v20250509-1924]
> Start DBeaver Tasks - Native Tools UI [org.jkiss.dbeaver.tasks.native.ui 1.0.136.202507061449]
> Start DBeaver Oracle UI [org.jkiss.dbeaver.ext.oracle.ui 1.0.145.202507061449]
> Start DBeaver Tasks - General UI [org.jkiss.dbeaver.tasks.ui 1.0.136.202507061449]
2025-07-18 18:02:50.678 - Connect with 'XE 2' (oracle_thin-1981cb8edfd-75fd73b65173cbf8)
2025-07-18 18:02:50.697 - Execution context opened (XE 2; Main; 0)
2025-07-18 18:02:50.939 - Execution context opened (XE 2; Metadata; 1)
2025-07-18 18:02:50.969 - Connected (oracle_thin-1981cb8edfd-75fd73b65173cbf8, Oracle JDBC driver [11.2.0.2.0])
2025-07-18 18:02:50.974 - Execution context opened (XE 2; SQLEditor <Script.sql>; 2)
> Start DBeaver SQL Language Semantic Model [org.jkiss.dbeaver.model.lsm 1.0.53.202507061449]
2025-07-18 18:03:01.340 - Can't get column 'EXTERNAL_NAME': Invalid column name
2025-07-18 18:03:01.341 - Can't get column 'ACCOUNT_STATUS': Invalid column name
2025-07-18 18:03:01.341 - Can't get column 'LOCK_DATE': Invalid column name
2025-07-18 18:03:01.341 - Can't get column 'EXPIRY_DATE': Invalid column name
2025-07-18 18:03:01.341 - Can't get column 'DEFAULT_TABLESPACE': Invalid column name
2025-07-18 18:03:01.341 - Can't get column 'TEMPORARY_TABLESPACE': Invalid column name
2025-07-18 18:03:01.341 - Can't get column 'PROFILE': Invalid column name
2025-07-18 18:03:01.341 - Can't get column 'INITIAL_RSRC_CONSUMER_GROUP': Invalid column name
2025-07-18 18:04:48.933 - Connect with 'XE' (oracle_thin-1981ba823a3-4b0df236f72f4a0b)
2025-07-18 18:04:48.934 - Execution context opened (XE; Main; 3)
2025-07-18 18:04:48.943 - Execution context opened (XE; Metadata; 4)
2025-07-18 18:04:48.960 - Connected (oracle_thin-1981ba823a3-4b0df236f72f4a0b, Oracle JDBC driver [11.2.0.2.0])
2025-07-18 18:14:02.671 - Execution context closed (XE 2, 2)
2025-07-18 18:14:02.857 - Dispose navigator model
2025-07-18 18:14:02.883 - DBeaver is stopping
2025-07-18 18:14:02.883 - Stop instance server
2025-07-18 18:14:03.887 - Instance server has been stopped
2025-07-18 18:14:03.887 - DBeaver shutdown completed
